                                      1 ;--------------------------------------------------------
                                      2 ; File Created by SDCC : free open source ISO C Compiler
                                      3 ; Version 4.5.0 #15242 (Linux)
                                      4 ;--------------------------------------------------------
                                      5 	.module main
                                      6 	
                                      7 	.optsdcc -mmcs51 --model-small
                                      8 ;--------------------------------------------------------
                                      9 ; Public variables in this module
                                     10 ;--------------------------------------------------------
                                     11 	.globl _ReportDescriptor
                                     12 	.globl _main
                                     13 	.globl _USBWrite
                                     14 	.globl _USBPoll
                                     15 	.globl _USBInit
                                     16 	.globl ___memcpy
                                     17 	.globl _mDelaymS
                                     18 	.globl _CfgFsys
                                     19 	.globl _UIF_BUS_RST
                                     20 	.globl _UIF_DETECT
                                     21 	.globl _UIF_TRANSFER
                                     22 	.globl _UIF_SUSPEND
                                     23 	.globl _UIF_HST_SOF
                                     24 	.globl _UIF_FIFO_OV
                                     25 	.globl _U_SIE_FREE
                                     26 	.globl _U_TOG_OK
                                     27 	.globl _U_IS_NAK
                                     28 	.globl _ADC_CHAN0
                                     29 	.globl _ADC_CHAN1
                                     30 	.globl _CMP_CHAN
                                     31 	.globl _ADC_START
                                     32 	.globl _ADC_IF
                                     33 	.globl _CMP_IF
                                     34 	.globl _CMPO
                                     35 	.globl _U1RI
                                     36 	.globl _U1TI
                                     37 	.globl _U1RB8
                                     38 	.globl _U1TB8
                                     39 	.globl _U1REN
                                     40 	.globl _U1SMOD
                                     41 	.globl _U1SM0
                                     42 	.globl _S0_R_FIFO
                                     43 	.globl _S0_T_FIFO
                                     44 	.globl _S0_FREE
                                     45 	.globl _S0_IF_BYTE
                                     46 	.globl _S0_IF_FIRST
                                     47 	.globl _S0_IF_OV
                                     48 	.globl _S0_FST_ACT
                                     49 	.globl _CP_RL2
                                     50 	.globl _C_T2
                                     51 	.globl _TR2
                                     52 	.globl _EXEN2
                                     53 	.globl _TCLK
                                     54 	.globl _RCLK
                                     55 	.globl _EXF2
                                     56 	.globl _CAP1F
                                     57 	.globl _TF2
                                     58 	.globl _RI
                                     59 	.globl _TI
                                     60 	.globl _RB8
                                     61 	.globl _TB8
                                     62 	.globl _REN
                                     63 	.globl _SM2
                                     64 	.globl _SM1
                                     65 	.globl _SM0
                                     66 	.globl _IT0
                                     67 	.globl _IE0
                                     68 	.globl _IT1
                                     69 	.globl _IE1
                                     70 	.globl _TR0
                                     71 	.globl _TF0
                                     72 	.globl _TR1
                                     73 	.globl _TF1
                                     74 	.globl _RXD
                                     75 	.globl _PWM1_
                                     76 	.globl _TXD
                                     77 	.globl _PWM2_
                                     78 	.globl _AIN3
                                     79 	.globl _VBUS1
                                     80 	.globl _INT0
                                     81 	.globl _TXD1_
                                     82 	.globl _INT1
                                     83 	.globl _T0
                                     84 	.globl _RXD1_
                                     85 	.globl _PWM2
                                     86 	.globl _T1
                                     87 	.globl _UDP
                                     88 	.globl _UDM
                                     89 	.globl _TIN0
                                     90 	.globl _CAP1
                                     91 	.globl _T2
                                     92 	.globl _AIN0
                                     93 	.globl _VBUS2
                                     94 	.globl _TIN1
                                     95 	.globl _CAP2
                                     96 	.globl _T2EX
                                     97 	.globl _RXD_
                                     98 	.globl _TXD_
                                     99 	.globl _AIN1
                                    100 	.globl _UCC1
                                    101 	.globl _TIN2
                                    102 	.globl _SCS
                                    103 	.globl _CAP1_
                                    104 	.globl _T2_
                                    105 	.globl _AIN2
                                    106 	.globl _UCC2
                                    107 	.globl _TIN3
                                    108 	.globl _PWM1
                                    109 	.globl _MOSI
                                    110 	.globl _TIN4
                                    111 	.globl _RXD1
                                    112 	.globl _MISO
                                    113 	.globl _TIN5
                                    114 	.globl _TXD1
                                    115 	.globl _SCK
                                    116 	.globl _IE_SPI0
                                    117 	.globl _IE_TKEY
                                    118 	.globl _IE_USB
                                    119 	.globl _IE_ADC
                                    120 	.globl _IE_UART1
                                    121 	.globl _IE_PWMX
                                    122 	.globl _IE_GPIO
                                    123 	.globl _IE_WDOG
                                    124 	.globl _PX0
                                    125 	.globl _PT0
                                    126 	.globl _PX1
                                    127 	.globl _PT1
                                    128 	.globl _PS
                                    129 	.globl _PT2
                                    130 	.globl _PL_FLAG
                                    131 	.globl _PH_FLAG
                                    132 	.globl _EX0
                                    133 	.globl _ET0
                                    134 	.globl _EX1
                                    135 	.globl _ET1
                                    136 	.globl _ES
                                    137 	.globl _ET2
                                    138 	.globl _E_DIS
                                    139 	.globl _EA
                                    140 	.globl _P
                                    141 	.globl _F1
                                    142 	.globl _OV
                                    143 	.globl _RS0
                                    144 	.globl _RS1
                                    145 	.globl _F0
                                    146 	.globl _AC
                                    147 	.globl _CY
                                    148 	.globl _UEP1_DMA_H
                                    149 	.globl _UEP1_DMA_L
                                    150 	.globl _UEP1_DMA
                                    151 	.globl _UEP0_DMA_H
                                    152 	.globl _UEP0_DMA_L
                                    153 	.globl _UEP0_DMA
                                    154 	.globl _UEP2_3_MOD
                                    155 	.globl _UEP4_1_MOD
                                    156 	.globl _UEP3_DMA_H
                                    157 	.globl _UEP3_DMA_L
                                    158 	.globl _UEP3_DMA
                                    159 	.globl _UEP2_DMA_H
                                    160 	.globl _UEP2_DMA_L
                                    161 	.globl _UEP2_DMA
                                    162 	.globl _USB_DEV_AD
                                    163 	.globl _USB_CTRL
                                    164 	.globl _USB_INT_EN
                                    165 	.globl _UEP4_T_LEN
                                    166 	.globl _UEP4_CTRL
                                    167 	.globl _UEP0_T_LEN
                                    168 	.globl _UEP0_CTRL
                                    169 	.globl _USB_RX_LEN
                                    170 	.globl _USB_MIS_ST
                                    171 	.globl _USB_INT_ST
                                    172 	.globl _USB_INT_FG
                                    173 	.globl _UEP3_T_LEN
                                    174 	.globl _UEP3_CTRL
                                    175 	.globl _UEP2_T_LEN
                                    176 	.globl _UEP2_CTRL
                                    177 	.globl _UEP1_T_LEN
                                    178 	.globl _UEP1_CTRL
                                    179 	.globl _UDEV_CTRL
                                    180 	.globl _USB_C_CTRL
                                    181 	.globl _TKEY_DATH
                                    182 	.globl _TKEY_DATL
                                    183 	.globl _TKEY_DAT
                                    184 	.globl _TKEY_CTRL
                                    185 	.globl _ADC_DATA
                                    186 	.globl _ADC_CFG
                                    187 	.globl _ADC_CTRL
                                    188 	.globl _SBAUD1
                                    189 	.globl _SBUF1
                                    190 	.globl _SCON1
                                    191 	.globl _SPI0_SETUP
                                    192 	.globl _SPI0_CK_SE
                                    193 	.globl _SPI0_CTRL
                                    194 	.globl _SPI0_DATA
                                    195 	.globl _SPI0_STAT
                                    196 	.globl _PWM_CK_SE
                                    197 	.globl _PWM_CTRL
                                    198 	.globl _PWM_DATA1
                                    199 	.globl _PWM_DATA2
                                    200 	.globl _T2CAP1H
                                    201 	.globl _T2CAP1L
                                    202 	.globl _T2CAP1
                                    203 	.globl _TH2
                                    204 	.globl _TL2
                                    205 	.globl _T2COUNT
                                    206 	.globl _RCAP2H
                                    207 	.globl _RCAP2L
                                    208 	.globl _RCAP2
                                    209 	.globl _T2MOD
                                    210 	.globl _T2CON
                                    211 	.globl _SBUF
                                    212 	.globl _SCON
                                    213 	.globl _TH1
                                    214 	.globl _TH0
                                    215 	.globl _TL1
                                    216 	.globl _TL0
                                    217 	.globl _TMOD
                                    218 	.globl _TCON
                                    219 	.globl _XBUS_AUX
                                    220 	.globl _PIN_FUNC
                                    221 	.globl _P3_DIR_PU
                                    222 	.globl _P3_MOD_OC
                                    223 	.globl _P3
                                    224 	.globl _P2
                                    225 	.globl _P1_DIR_PU
                                    226 	.globl _P1_MOD_OC
                                    227 	.globl _P1
                                    228 	.globl _ROM_CTRL
                                    229 	.globl _ROM_DATA_H
                                    230 	.globl _ROM_DATA_L
                                    231 	.globl _ROM_DATA
                                    232 	.globl _ROM_ADDR_H
                                    233 	.globl _ROM_ADDR_L
                                    234 	.globl _ROM_ADDR
                                    235 	.globl _GPIO_IE
                                    236 	.globl _IP_EX
                                    237 	.globl _IE_EX
                                    238 	.globl _IP
                                    239 	.globl _IE
                                    240 	.globl _WDOG_COUNT
                                    241 	.globl _RESET_KEEP
                                    242 	.globl _WAKE_CTRL
                                    243 	.globl _CLOCK_CFG
                                    244 	.globl _PCON
                                    245 	.globl _GLOBAL_CFG
                                    246 	.globl _SAFE_MOD
                                    247 	.globl _DPH
                                    248 	.globl _DPL
                                    249 	.globl _SP
                                    250 	.globl _B
                                    251 	.globl _ACC
                                    252 	.globl _PSW
                                    253 	.globl _txBuffer
                                    254 ;--------------------------------------------------------
                                    255 ; special function registers
                                    256 ;--------------------------------------------------------
                                    257 	.area RSEG    (ABS,DATA)
      000000                        258 	.org 0x0000
                           0000D0   259 _PSW	=	0x00d0
                           0000E0   260 _ACC	=	0x00e0
                           0000F0   261 _B	=	0x00f0
                           000081   262 _SP	=	0x0081
                           000082   263 _DPL	=	0x0082
                           000083   264 _DPH	=	0x0083
                           0000A1   265 _SAFE_MOD	=	0x00a1
                           0000B1   266 _GLOBAL_CFG	=	0x00b1
                           000087   267 _PCON	=	0x0087
                           0000B9   268 _CLOCK_CFG	=	0x00b9
                           0000A9   269 _WAKE_CTRL	=	0x00a9
                           0000FE   270 _RESET_KEEP	=	0x00fe
                           0000FF   271 _WDOG_COUNT	=	0x00ff
                           0000A8   272 _IE	=	0x00a8
                           0000B8   273 _IP	=	0x00b8
                           0000E8   274 _IE_EX	=	0x00e8
                           0000E9   275 _IP_EX	=	0x00e9
                           0000C7   276 _GPIO_IE	=	0x00c7
                           008584   277 _ROM_ADDR	=	0x8584
                           000084   278 _ROM_ADDR_L	=	0x0084
                           000085   279 _ROM_ADDR_H	=	0x0085
                           008F8E   280 _ROM_DATA	=	0x8f8e
                           00008E   281 _ROM_DATA_L	=	0x008e
                           00008F   282 _ROM_DATA_H	=	0x008f
                           000086   283 _ROM_CTRL	=	0x0086
                           000090   284 _P1	=	0x0090
                           000092   285 _P1_MOD_OC	=	0x0092
                           000093   286 _P1_DIR_PU	=	0x0093
                           0000A0   287 _P2	=	0x00a0
                           0000B0   288 _P3	=	0x00b0
                           000096   289 _P3_MOD_OC	=	0x0096
                           000097   290 _P3_DIR_PU	=	0x0097
                           0000C6   291 _PIN_FUNC	=	0x00c6
                           0000A2   292 _XBUS_AUX	=	0x00a2
                           000088   293 _TCON	=	0x0088
                           000089   294 _TMOD	=	0x0089
                           00008A   295 _TL0	=	0x008a
                           00008B   296 _TL1	=	0x008b
                           00008C   297 _TH0	=	0x008c
                           00008D   298 _TH1	=	0x008d
                           000098   299 _SCON	=	0x0098
                           000099   300 _SBUF	=	0x0099
                           0000C8   301 _T2CON	=	0x00c8
                           0000C9   302 _T2MOD	=	0x00c9
                           00CBCA   303 _RCAP2	=	0xcbca
                           0000CA   304 _RCAP2L	=	0x00ca
                           0000CB   305 _RCAP2H	=	0x00cb
                           00CDCC   306 _T2COUNT	=	0xcdcc
                           0000CC   307 _TL2	=	0x00cc
                           0000CD   308 _TH2	=	0x00cd
                           00CFCE   309 _T2CAP1	=	0xcfce
                           0000CE   310 _T2CAP1L	=	0x00ce
                           0000CF   311 _T2CAP1H	=	0x00cf
                           00009B   312 _PWM_DATA2	=	0x009b
                           00009C   313 _PWM_DATA1	=	0x009c
                           00009D   314 _PWM_CTRL	=	0x009d
                           00009E   315 _PWM_CK_SE	=	0x009e
                           0000F8   316 _SPI0_STAT	=	0x00f8
                           0000F9   317 _SPI0_DATA	=	0x00f9
                           0000FA   318 _SPI0_CTRL	=	0x00fa
                           0000FB   319 _SPI0_CK_SE	=	0x00fb
                           0000FC   320 _SPI0_SETUP	=	0x00fc
                           0000C0   321 _SCON1	=	0x00c0
                           0000C1   322 _SBUF1	=	0x00c1
                           0000C2   323 _SBAUD1	=	0x00c2
                           000080   324 _ADC_CTRL	=	0x0080
                           00009A   325 _ADC_CFG	=	0x009a
                           00009F   326 _ADC_DATA	=	0x009f
                           0000C3   327 _TKEY_CTRL	=	0x00c3
                           00C5C4   328 _TKEY_DAT	=	0xc5c4
                           0000C4   329 _TKEY_DATL	=	0x00c4
                           0000C5   330 _TKEY_DATH	=	0x00c5
                           000091   331 _USB_C_CTRL	=	0x0091
                           0000D1   332 _UDEV_CTRL	=	0x00d1
                           0000D2   333 _UEP1_CTRL	=	0x00d2
                           0000D3   334 _UEP1_T_LEN	=	0x00d3
                           0000D4   335 _UEP2_CTRL	=	0x00d4
                           0000D5   336 _UEP2_T_LEN	=	0x00d5
                           0000D6   337 _UEP3_CTRL	=	0x00d6
                           0000D7   338 _UEP3_T_LEN	=	0x00d7
                           0000D8   339 _USB_INT_FG	=	0x00d8
                           0000D9   340 _USB_INT_ST	=	0x00d9
                           0000DA   341 _USB_MIS_ST	=	0x00da
                           0000DB   342 _USB_RX_LEN	=	0x00db
                           0000DC   343 _UEP0_CTRL	=	0x00dc
                           0000DD   344 _UEP0_T_LEN	=	0x00dd
                           0000DE   345 _UEP4_CTRL	=	0x00de
                           0000DF   346 _UEP4_T_LEN	=	0x00df
                           0000E1   347 _USB_INT_EN	=	0x00e1
                           0000E2   348 _USB_CTRL	=	0x00e2
                           0000E3   349 _USB_DEV_AD	=	0x00e3
                           00E5E4   350 _UEP2_DMA	=	0xe5e4
                           0000E4   351 _UEP2_DMA_L	=	0x00e4
                           0000E5   352 _UEP2_DMA_H	=	0x00e5
                           00E7E6   353 _UEP3_DMA	=	0xe7e6
                           0000E6   354 _UEP3_DMA_L	=	0x00e6
                           0000E7   355 _UEP3_DMA_H	=	0x00e7
                           0000EA   356 _UEP4_1_MOD	=	0x00ea
                           0000EB   357 _UEP2_3_MOD	=	0x00eb
                           00EDEC   358 _UEP0_DMA	=	0xedec
                           0000EC   359 _UEP0_DMA_L	=	0x00ec
                           0000ED   360 _UEP0_DMA_H	=	0x00ed
                           00EFEE   361 _UEP1_DMA	=	0xefee
                           0000EE   362 _UEP1_DMA_L	=	0x00ee
                           0000EF   363 _UEP1_DMA_H	=	0x00ef
                                    364 ;--------------------------------------------------------
                                    365 ; special function bits
                                    366 ;--------------------------------------------------------
                                    367 	.area RSEG    (ABS,DATA)
      000000                        368 	.org 0x0000
                           0000D7   369 _CY	=	0x00d7
                           0000D6   370 _AC	=	0x00d6
                           0000D5   371 _F0	=	0x00d5
                           0000D4   372 _RS1	=	0x00d4
                           0000D3   373 _RS0	=	0x00d3
                           0000D2   374 _OV	=	0x00d2
                           0000D1   375 _F1	=	0x00d1
                           0000D0   376 _P	=	0x00d0
                           0000AF   377 _EA	=	0x00af
                           0000AE   378 _E_DIS	=	0x00ae
                           0000AD   379 _ET2	=	0x00ad
                           0000AC   380 _ES	=	0x00ac
                           0000AB   381 _ET1	=	0x00ab
                           0000AA   382 _EX1	=	0x00aa
                           0000A9   383 _ET0	=	0x00a9
                           0000A8   384 _EX0	=	0x00a8
                           0000BF   385 _PH_FLAG	=	0x00bf
                           0000BE   386 _PL_FLAG	=	0x00be
                           0000BD   387 _PT2	=	0x00bd
                           0000BC   388 _PS	=	0x00bc
                           0000BB   389 _PT1	=	0x00bb
                           0000BA   390 _PX1	=	0x00ba
                           0000B9   391 _PT0	=	0x00b9
                           0000B8   392 _PX0	=	0x00b8
                           0000EF   393 _IE_WDOG	=	0x00ef
                           0000EE   394 _IE_GPIO	=	0x00ee
                           0000ED   395 _IE_PWMX	=	0x00ed
                           0000EC   396 _IE_UART1	=	0x00ec
                           0000EB   397 _IE_ADC	=	0x00eb
                           0000EA   398 _IE_USB	=	0x00ea
                           0000E9   399 _IE_TKEY	=	0x00e9
                           0000E8   400 _IE_SPI0	=	0x00e8
                           000097   401 _SCK	=	0x0097
                           000097   402 _TXD1	=	0x0097
                           000097   403 _TIN5	=	0x0097
                           000096   404 _MISO	=	0x0096
                           000096   405 _RXD1	=	0x0096
                           000096   406 _TIN4	=	0x0096
                           000095   407 _MOSI	=	0x0095
                           000095   408 _PWM1	=	0x0095
                           000095   409 _TIN3	=	0x0095
                           000095   410 _UCC2	=	0x0095
                           000095   411 _AIN2	=	0x0095
                           000094   412 _T2_	=	0x0094
                           000094   413 _CAP1_	=	0x0094
                           000094   414 _SCS	=	0x0094
                           000094   415 _TIN2	=	0x0094
                           000094   416 _UCC1	=	0x0094
                           000094   417 _AIN1	=	0x0094
                           000093   418 _TXD_	=	0x0093
                           000092   419 _RXD_	=	0x0092
                           000091   420 _T2EX	=	0x0091
                           000091   421 _CAP2	=	0x0091
                           000091   422 _TIN1	=	0x0091
                           000091   423 _VBUS2	=	0x0091
                           000091   424 _AIN0	=	0x0091
                           000090   425 _T2	=	0x0090
                           000090   426 _CAP1	=	0x0090
                           000090   427 _TIN0	=	0x0090
                           0000B7   428 _UDM	=	0x00b7
                           0000B6   429 _UDP	=	0x00b6
                           0000B5   430 _T1	=	0x00b5
                           0000B4   431 _PWM2	=	0x00b4
                           0000B4   432 _RXD1_	=	0x00b4
                           0000B4   433 _T0	=	0x00b4
                           0000B3   434 _INT1	=	0x00b3
                           0000B2   435 _TXD1_	=	0x00b2
                           0000B2   436 _INT0	=	0x00b2
                           0000B2   437 _VBUS1	=	0x00b2
                           0000B2   438 _AIN3	=	0x00b2
                           0000B1   439 _PWM2_	=	0x00b1
                           0000B1   440 _TXD	=	0x00b1
                           0000B0   441 _PWM1_	=	0x00b0
                           0000B0   442 _RXD	=	0x00b0
                           00008F   443 _TF1	=	0x008f
                           00008E   444 _TR1	=	0x008e
                           00008D   445 _TF0	=	0x008d
                           00008C   446 _TR0	=	0x008c
                           00008B   447 _IE1	=	0x008b
                           00008A   448 _IT1	=	0x008a
                           000089   449 _IE0	=	0x0089
                           000088   450 _IT0	=	0x0088
                           00009F   451 _SM0	=	0x009f
                           00009E   452 _SM1	=	0x009e
                           00009D   453 _SM2	=	0x009d
                           00009C   454 _REN	=	0x009c
                           00009B   455 _TB8	=	0x009b
                           00009A   456 _RB8	=	0x009a
                           000099   457 _TI	=	0x0099
                           000098   458 _RI	=	0x0098
                           0000CF   459 _TF2	=	0x00cf
                           0000CF   460 _CAP1F	=	0x00cf
                           0000CE   461 _EXF2	=	0x00ce
                           0000CD   462 _RCLK	=	0x00cd
                           0000CC   463 _TCLK	=	0x00cc
                           0000CB   464 _EXEN2	=	0x00cb
                           0000CA   465 _TR2	=	0x00ca
                           0000C9   466 _C_T2	=	0x00c9
                           0000C8   467 _CP_RL2	=	0x00c8
                           0000FF   468 _S0_FST_ACT	=	0x00ff
                           0000FE   469 _S0_IF_OV	=	0x00fe
                           0000FD   470 _S0_IF_FIRST	=	0x00fd
                           0000FC   471 _S0_IF_BYTE	=	0x00fc
                           0000FB   472 _S0_FREE	=	0x00fb
                           0000FA   473 _S0_T_FIFO	=	0x00fa
                           0000F8   474 _S0_R_FIFO	=	0x00f8
                           0000C7   475 _U1SM0	=	0x00c7
                           0000C5   476 _U1SMOD	=	0x00c5
                           0000C4   477 _U1REN	=	0x00c4
                           0000C3   478 _U1TB8	=	0x00c3
                           0000C2   479 _U1RB8	=	0x00c2
                           0000C1   480 _U1TI	=	0x00c1
                           0000C0   481 _U1RI	=	0x00c0
                           000087   482 _CMPO	=	0x0087
                           000086   483 _CMP_IF	=	0x0086
                           000085   484 _ADC_IF	=	0x0085
                           000084   485 _ADC_START	=	0x0084
                           000083   486 _CMP_CHAN	=	0x0083
                           000081   487 _ADC_CHAN1	=	0x0081
                           000080   488 _ADC_CHAN0	=	0x0080
                           0000DF   489 _U_IS_NAK	=	0x00df
                           0000DE   490 _U_TOG_OK	=	0x00de
                           0000DD   491 _U_SIE_FREE	=	0x00dd
                           0000DC   492 _UIF_FIFO_OV	=	0x00dc
                           0000DB   493 _UIF_HST_SOF	=	0x00db
                           0000DA   494 _UIF_SUSPEND	=	0x00da
                           0000D9   495 _UIF_TRANSFER	=	0x00d9
                           0000D8   496 _UIF_DETECT	=	0x00d8
                           0000D8   497 _UIF_BUS_RST	=	0x00d8
                                    498 ;--------------------------------------------------------
                                    499 ; overlayable register banks
                                    500 ;--------------------------------------------------------
                                    501 	.area REG_BANK_0	(REL,OVR,DATA)
      000000                        502 	.ds 8
                                    503 ;--------------------------------------------------------
                                    504 ; internal ram data
                                    505 ;--------------------------------------------------------
                                    506 	.area DSEG    (DATA)
                                    507 ;--------------------------------------------------------
                                    508 ; overlayable items in internal ram
                                    509 ;--------------------------------------------------------
                                    510 ;--------------------------------------------------------
                                    511 ; Stack segment in internal ram
                                    512 ;--------------------------------------------------------
                                    513 	.area SSEG
      000000                        514 __start__stack:
      000000                        515 	.ds	1
                                    516 
                                    517 ;--------------------------------------------------------
                                    518 ; indirectly addressable internal ram data
                                    519 ;--------------------------------------------------------
                                    520 	.area ISEG    (DATA)
                                    521 ;--------------------------------------------------------
                                    522 ; absolute internal ram data
                                    523 ;--------------------------------------------------------
                                    524 	.area IABS    (ABS,DATA)
                                    525 	.area IABS    (ABS,DATA)
                                    526 ;--------------------------------------------------------
                                    527 ; bit data
                                    528 ;--------------------------------------------------------
                                    529 	.area BSEG    (BIT)
                                    530 ;--------------------------------------------------------
                                    531 ; paged external ram data
                                    532 ;--------------------------------------------------------
                                    533 	.area PSEG    (PAG,XDATA)
                                    534 ;--------------------------------------------------------
                                    535 ; uninitialized external ram data
                                    536 ;--------------------------------------------------------
                                    537 	.area XSEG    (XDATA)
      000000                        538 _txBuffer::
      000000                        539 	.ds 8
                                    540 ;--------------------------------------------------------
                                    541 ; absolute external ram data
                                    542 ;--------------------------------------------------------
                                    543 	.area XABS    (ABS,XDATA)
                                    544 ;--------------------------------------------------------
                                    545 ; initialized external ram data
                                    546 ;--------------------------------------------------------
                                    547 	.area XISEG   (XDATA)
                                    548 	.area HOME    (CODE)
                                    549 	.area GSINIT0 (CODE)
                                    550 	.area GSINIT1 (CODE)
                                    551 	.area GSINIT2 (CODE)
                                    552 	.area GSINIT3 (CODE)
                                    553 	.area GSINIT4 (CODE)
                                    554 	.area GSINIT5 (CODE)
                                    555 	.area GSINIT  (CODE)
                                    556 	.area GSFINAL (CODE)
                                    557 	.area CSEG    (CODE)
                                    558 ;--------------------------------------------------------
                                    559 ; interrupt vector
                                    560 ;--------------------------------------------------------
                                    561 	.area HOME    (CODE)
      000000                        562 __interrupt_vect:
      000000 02r00r00         [24]  563 	ljmp	__sdcc_gsinit_startup
                                    564 ; restartable atomic support routines
      000003                        565 	.ds	5
      000008                        566 sdcc_atomic_exchange_rollback_start::
      000008 00               [12]  567 	nop
      000009 00               [12]  568 	nop
      00000A                        569 sdcc_atomic_exchange_pdata_impl:
      00000A E2               [24]  570 	movx	a, @r0
      00000B FB               [12]  571 	mov	r3, a
      00000C EA               [12]  572 	mov	a, r2
      00000D F2               [24]  573 	movx	@r0, a
      00000E 80 2C            [24]  574 	sjmp	sdcc_atomic_exchange_exit
      000010 00               [12]  575 	nop
      000011 00               [12]  576 	nop
      000012                        577 sdcc_atomic_exchange_xdata_impl:
      000012 E0               [24]  578 	movx	a, @dptr
      000013 FB               [12]  579 	mov	r3, a
      000014 EA               [12]  580 	mov	a, r2
      000015 F0               [24]  581 	movx	@dptr, a
      000016 80 24            [24]  582 	sjmp	sdcc_atomic_exchange_exit
      000018                        583 sdcc_atomic_compare_exchange_idata_impl:
      000018 E6               [12]  584 	mov	a, @r0
      000019 B5 02 02         [24]  585 	cjne	a, ar2, .+#5
      00001C EB               [12]  586 	mov	a, r3
      00001D F6               [12]  587 	mov	@r0, a
      00001E 22               [24]  588 	ret
      00001F 00               [12]  589 	nop
      000020                        590 sdcc_atomic_compare_exchange_pdata_impl:
      000020 E2               [24]  591 	movx	a, @r0
      000021 B5 02 02         [24]  592 	cjne	a, ar2, .+#5
      000024 EB               [12]  593 	mov	a, r3
      000025 F2               [24]  594 	movx	@r0, a
      000026 22               [24]  595 	ret
      000027 00               [12]  596 	nop
      000028                        597 sdcc_atomic_compare_exchange_xdata_impl:
      000028 E0               [24]  598 	movx	a, @dptr
      000029 B5 02 02         [24]  599 	cjne	a, ar2, .+#5
      00002C EB               [12]  600 	mov	a, r3
      00002D F0               [24]  601 	movx	@dptr, a
      00002E 22               [24]  602 	ret
      00002F                        603 sdcc_atomic_exchange_rollback_end::
                                    604 
      00002F                        605 sdcc_atomic_exchange_gptr_impl::
      00002F 30 F6 E0         [24]  606 	jnb	b.6, sdcc_atomic_exchange_xdata_impl
      000032 A8 82            [24]  607 	mov	r0, dpl
      000034 20 F5 D3         [24]  608 	jb	b.5, sdcc_atomic_exchange_pdata_impl
      000037                        609 sdcc_atomic_exchange_idata_impl:
      000037 EA               [12]  610 	mov	a, r2
      000038 C6               [12]  611 	xch	a, @r0
      000039 F5 82            [12]  612 	mov	dpl, a
      00003B 22               [24]  613 	ret
      00003C                        614 sdcc_atomic_exchange_exit:
      00003C 8B 82            [24]  615 	mov	dpl, r3
      00003E 22               [24]  616 	ret
      00003F                        617 sdcc_atomic_compare_exchange_gptr_impl::
      00003F 30 F6 E6         [24]  618 	jnb	b.6, sdcc_atomic_compare_exchange_xdata_impl
      000042 A8 82            [24]  619 	mov	r0, dpl
      000044 20 F5 D9         [24]  620 	jb	b.5, sdcc_atomic_compare_exchange_pdata_impl
      000047 80 CF            [24]  621 	sjmp	sdcc_atomic_compare_exchange_idata_impl
                                    622 ;--------------------------------------------------------
                                    623 ; global & static initialisations
                                    624 ;--------------------------------------------------------
                                    625 	.area HOME    (CODE)
                                    626 	.area GSINIT  (CODE)
                                    627 	.area GSFINAL (CODE)
                                    628 	.area GSINIT  (CODE)
                                    629 	.globl __sdcc_gsinit_startup
                                    630 	.globl __sdcc_program_startup
                                    631 	.globl __start__stack
                                    632 	.globl __mcs51_genXINIT
                                    633 	.globl __mcs51_genXRAMCLEAR
                                    634 	.globl __mcs51_genRAMCLEAR
                                    635 	.area GSFINAL (CODE)
      000000 02r00r49         [24]  636 	ljmp	__sdcc_program_startup
                                    637 ;--------------------------------------------------------
                                    638 ; Home
                                    639 ;--------------------------------------------------------
                                    640 	.area HOME    (CODE)
                                    641 	.area HOME    (CODE)
      000049                        642 __sdcc_program_startup:
      000049 02r00r00         [24]  643 	ljmp	_main
                                    644 ;	return from main will return to caller
                                    645 ;--------------------------------------------------------
                                    646 ; code
                                    647 ;--------------------------------------------------------
                                    648 	.area CSEG    (CODE)
                                    649 ;------------------------------------------------------------
                                    650 ;Allocation info for local variables in function 'main'
                                    651 ;------------------------------------------------------------
                                    652 ;	main.c:28: void main(void)
                                    653 ;	-----------------------------------------
                                    654 ;	 function main
                                    655 ;	-----------------------------------------
      000000                        656 _main:
                           000007   657 	ar7 = 0x07
                           000006   658 	ar6 = 0x06
                           000005   659 	ar5 = 0x05
                           000004   660 	ar4 = 0x04
                           000003   661 	ar3 = 0x03
                           000002   662 	ar2 = 0x02
                           000001   663 	ar1 = 0x01
                           000000   664 	ar0 = 0x00
                                    665 ;	main.c:30: CfgFsys();     // 24 MHz clock
      000000 12r00r00         [24]  666 	lcall	_CfgFsys
                                    667 ;	main.c:31: mDelaymS(5);
      000003 90 00 05         [24]  668 	mov	dptr,#0x0005
      000006 12r00r00         [24]  669 	lcall	_mDelaymS
                                    670 ;	main.c:33: USBInit();
      000009 12r00r00         [24]  671 	lcall	_USBInit
                                    672 ;	main.c:35: while(1) {
      00000C                        673 00102$:
                                    674 ;	main.c:36: USBPoll();
      00000C 12r00r00         [24]  675 	lcall	_USBPoll
                                    676 ;	main.c:39: memcpy(txBuffer, "HELLO\n", 6);
      00000F 75*00r1D         [24]  677 	mov	___memcpy_PARM_2,#___str_0
      000012 75*01s00         [24]  678 	mov	(___memcpy_PARM_2 + 1),#(___str_0 >> 8)
      000015 75*02 80         [24]  679 	mov	(___memcpy_PARM_2 + 2),#0x80
      000018 75*00 06         [24]  680 	mov	___memcpy_PARM_3,#0x06
      00001B 75*01 00         [24]  681 	mov	(___memcpy_PARM_3 + 1),#0x00
      00001E 90r00r00         [24]  682 	mov	dptr,#_txBuffer
      000021 75 F0 00         [24]  683 	mov	b, #0x00
      000024 12r00r00         [24]  684 	lcall	___memcpy
                                    685 ;	main.c:40: USBWrite(txBuffer, 6);
      000027 75*00 06         [24]  686 	mov	_USBWrite_PARM_2,#0x06
      00002A 90r00r00         [24]  687 	mov	dptr,#_txBuffer
      00002D 75 F0 00         [24]  688 	mov	b, #0x00
      000030 12r00r00         [24]  689 	lcall	_USBWrite
                                    690 ;	main.c:41: mDelaymS(1000);
      000033 90 03 E8         [24]  691 	mov	dptr,#0x03e8
      000036 12r00r00         [24]  692 	lcall	_mDelaymS
                                    693 ;	main.c:43: }
      000039 80 D1            [24]  694 	sjmp	00102$
                                    695 	.area CSEG    (CODE)
                                    696 	.area CONST   (CODE)
                                    697 	.area CONST   (CODE)
      000000                        698 _ReportDescriptor:
      000000 06                     699 	.db #0x06	; 6
      000001 00                     700 	.db #0x00	; 0
      000002 FF                     701 	.db #0xff	; 255
      000003 09                     702 	.db #0x09	; 9
      000004 01                     703 	.db #0x01	; 1
      000005 A1                     704 	.db #0xa1	; 161
      000006 01                     705 	.db #0x01	; 1
      000007 15                     706 	.db #0x15	; 21
      000008 00                     707 	.db #0x00	; 0
      000009 26                     708 	.db #0x26	; 38
      00000A FF                     709 	.db #0xff	; 255
      00000B 00                     710 	.db #0x00	; 0
      00000C 75                     711 	.db #0x75	; 117	'u'
      00000D 08                     712 	.db #0x08	; 8
      00000E 95                     713 	.db #0x95	; 149
      00000F 08                     714 	.db #0x08	; 8
      000010 09                     715 	.db #0x09	; 9
      000011 00                     716 	.db #0x00	; 0
      000012 82                     717 	.db #0x82	; 130
      000013 02                     718 	.db #0x02	; 2
      000014 01                     719 	.db #0x01	; 1
      000015 95                     720 	.db #0x95	; 149
      000016 08                     721 	.db #0x08	; 8
      000017 09                     722 	.db #0x09	; 9
      000018 00                     723 	.db #0x00	; 0
      000019 92                     724 	.db #0x92	; 146
      00001A 02                     725 	.db #0x02	; 2
      00001B 01                     726 	.db #0x01	; 1
      00001C C0                     727 	.db #0xc0	; 192
                                    728 	.area CSEG    (CODE)
                                    729 	.area CONST   (CODE)
      00001D                        730 ___str_0:
      00001D 48 45 4C 4C 4F         731 	.ascii "HELLO"
      000022 0A                     732 	.db 0x0a
      000023 00                     733 	.db 0x00
                                    734 	.area CSEG    (CODE)
                                    735 	.area XINIT   (CODE)
                                    736 	.area CABS    (ABS,CODE)
