ASxxxx Linker V03.00/V05.40 + sdld,  page 1.
Hexadecimal  [32-Bits]

Area                                    Addr        Size        Decimal Bytes (Attributes)
--------------------------------        ----        ----        ------- ----- ------------
CABS                                00000000    00000000 =           0. bytes (ABS,CON,CODE)

      Value  Global                              Global Defined In Module
      -----  --------------------------------   ------------------------
C:   00000000  l_CABS                          
C:   00000000  l_GSINIT1                       
C:   00000000  l_GSINIT5                       
C:   00000000  l_IABS                          
C:   00000000  l_PSEG                          
C:   00000000  l_REG_BANK_1                    
C:   00000000  l_REG_BANK_2                    
C:   00000000  l_REG_BANK_3                    
C:   00000000  l_RSEG                          
C:   00000000  l_RSEG0                         
C:   00000000  l_RSEG1                         
C:   00000000  l_XABS                          
C:   00000000  l_XINIT                         
C:   00000000  l_XISEG                         
C:   00000000  l_XSEG                          
C:   00000000  l__CODE                         
C:   00000000  s_BSEG                          
C:   00000000  s_CABS                          
C:   00000000  s_DSEG                          
C:   00000000  s_HOME                          
C:   00000000  s_IABS                          
C:   00000000  s_REG_BANK_0                    
C:   00000000  s_RSEG                          
C:   00000000  s_RSEG0                         
C:   00000000  s_RSEG1                         
C:   00000000  s_XABS                          
C:   00000001  l_BIT_BANK                      
C:   00000001  l_BSEG                          
C:   00000001  l_BSEG_BYTES                    
C:   00000003  l_GSFINAL                       
C:   00000003  l_GSINIT0                       
C:   00000008  l_REG_BANK_0                    
C:   00000008  s_REG_BANK_1                    
C:   0000000A  l_GSINIT2                       
C:   0000000B  l_OSEG                          
C:   00000010  s_REG_BANK_2                    
C:   00000018  l_GSINIT                        
C:   00000018  s_REG_BANK_3                    
C:   00000020  s_BSEG_BYTES                    
C:   00000020  s__CODE                         
C:   00000021  s_BIT_BANK                      
C:   00000022  l_GSINIT3                       
C:   00000022  s_OSEG                          
C:   0000002A  l_GSINIT4                       
C:   0000002D  s_ISEG                          
C:   00000046  l_ISEG                          
C:   00000073  s_SSEG                          
C:   0000007B  l_DSEG                          
C:   0000008D  l_SSEG                          
C:   0000009C  l_CONST                         
ASxxxx Linker V03.00/V05.40 + sdld,  page 2.
Hexadecimal  [32-Bits]

Area                                    Addr        Size        Decimal Bytes (Attributes)
--------------------------------        ----        ----        ------- ----- ------------
CABS                                00000000    00000000 =           0. bytes (ABS,CON,CODE)

      Value  Global                              Global Defined In Module
      -----  --------------------------------   ------------------------
C:   000000B6  l_HOME                          
C:   000000B6  s_GSINIT0                       
C:   000000B9  s_GSINIT1                       
C:   000000B9  s_GSINIT2                       
C:   000000C3  s_GSINIT3                       
C:   000000E5  s_GSINIT4                       
C:   00000100  l_IRAM                          
C:   00000100  s_PSEG                          
C:   00000100  s_XISEG                         
C:   00000100  s_XSEG                          
C:   0000010F  s_GSINIT                        
C:   0000010F  s_GSINIT5                       
C:   00000127  s_GSFINAL                       
C:   0000012A  s_CSEG                          
C:   0000086C  l_CSEG                          
C:   00000996  s_CONST                         
C:   00000A32  s_XINIT                         

ASxxxx Linker V03.00/V05.40 + sdld,  page 3.
Hexadecimal  [32-Bits]

Area                                    Addr        Size        Decimal Bytes (Attributes)
--------------------------------        ----        ----        ------- ----- ------------
.  .ABS.                            00000000    00000000 =           0. bytes (ABS,CON)

      Value  Global                              Global Defined In Module
      -----  --------------------------------   ------------------------
     00000000  .__.ABS.                           _startup
     00000000  _Ep0Buffer                         main
     00000040  _Ep1Buffer                         main
     00000080  _ADC_CHAN0                         debug
     00000080  _ADC_CTRL                          debug
     00000080  _Ep2Buffer                         main
     00000080  _P0                                _autobaud
     00000080  _P0_0                              _autobaud
     00000081  _ADC_CHAN1                         debug
     00000081  _P0_1                              _autobaud
     00000081  _SP                                _autobaud
     00000082  _DPL                               _autobaud
     00000082  _P0_2                              _autobaud
     00000083  _CMP_CHAN                          debug
     00000083  _DPH                               _autobaud
     00000083  _P0_3                              _autobaud
     00000084  _ADC_START                         debug
     00000084  _P0_4                              _autobaud
     00000084  _ROM_ADDR_L                        debug
     00000085  _ADC_IF                            debug
     00000085  _P0_5                              _autobaud
     00000085  _ROM_ADDR_H                        debug
     00000086  _CMP_IF                            debug
     00000086  _P0_6                              _autobaud
     00000086  _ROM_CTRL                          debug
     00000087  _CMPO                              debug
     00000087  _P0_7                              _autobaud
     00000087  _PCON                              _autobaud
     00000088  _IT0                               _autobaud
     00000088  _TCON                              _autobaud
     00000089  _IE0                               _autobaud
     00000089  _TMOD                              _autobaud
     0000008A  _IT1                               _autobaud
     0000008A  _TL0                               _autobaud
     0000008B  _IE1                               _autobaud
     0000008B  _TL1                               _autobaud
     0000008C  _TH0                               _autobaud
     0000008C  _TR0                               _autobaud
     0000008D  _TF0                               _autobaud
     0000008D  _TH1                               _autobaud
     0000008E  _ROM_DATA_L                        debug
     0000008E  _TR1                               _autobaud
     0000008F  _ROM_DATA_H                        debug
     0000008F  _TF1                               _autobaud
     00000090  _CAP1                              debug
     00000090  _P1                                _autobaud
     00000090  _P1_0                              _autobaud
     00000090  _SK6812_BIT                        sk6812
     00000090  _T2                                debug
     00000090  _TIN0                              debug
ASxxxx Linker V03.00/V05.40 + sdld,  page 4.
Hexadecimal  [32-Bits]

Area                                    Addr        Size        Decimal Bytes (Attributes)
--------------------------------        ----        ----        ------- ----- ------------
.  .ABS.                            00000000    00000000 =           0. bytes (ABS,CON)

      Value  Global                              Global Defined In Module
      -----  --------------------------------   ------------------------
     00000091  _AIN0                              debug
     00000091  _CAP2                              debug
     00000091  _P1_1                              _autobaud
     00000091  _PIN_7_BIT                         sk6812
     00000091  _T2EX                              debug
     00000091  _TIN1                              debug
     00000091  _USB_C_CTRL                        debug
     00000091  _VBUS2                             debug
     00000092  _P1_2                              _autobaud
     00000092  _P1_MOD_OC                         debug
     00000092  _RXD_                              debug
     00000093  _P1_3                              _autobaud
     00000093  _P1_DIR_PU                         debug
     00000093  _TXD_                              debug
     00000094  _AIN1                              debug
     00000094  _CAP1_                             debug
     00000094  _P1_4                              _autobaud
     00000094  _PIN_2_BIT                         sk6812
     00000094  _SCS                               debug
     00000094  _T2_                               debug
     00000094  _TIN2                              debug
     00000094  _UCC1                              debug
     00000095  _AIN2                              debug
     00000095  _MOSI                              debug
     00000095  _P1_5                              _autobaud
     00000095  _PIN_5_BIT                         sk6812
     00000095  _PWM1                              debug
     00000095  _TIN3                              debug
     00000095  _UCC2                              debug
     00000096  _MISO                              debug
     00000096  _P1_6                              _autobaud
     00000096  _P3_MOD_OC                         debug
     00000096  _PIN_3_BIT                         sk6812
     00000096  _RXD1                              debug
     00000096  _TIN4                              debug
     00000097  _P1_7                              _autobaud
     00000097  _P3_DIR_PU                         debug
     00000097  _PIN_4_BIT                         sk6812
     00000097  _SCK                               debug
     00000097  _TIN5                              debug
     00000097  _TXD1                              debug
     00000098  _RI                                _autobaud
     00000098  _SCON                              _autobaud
     00000099  _SBUF                              _autobaud
     00000099  _TI                                _autobaud
     0000009A  _ADC_CFG                           debug
     0000009A  _RB8                               _autobaud
     0000009B  _PWM_DATA2                         debug
     0000009B  _TB8                               _autobaud
     0000009C  _PWM_DATA1                         debug
     0000009C  _REN                               _autobaud
ASxxxx Linker V03.00/V05.40 + sdld,  page 5.
Hexadecimal  [32-Bits]

Area                                    Addr        Size        Decimal Bytes (Attributes)
--------------------------------        ----        ----        ------- ----- ------------
.  .ABS.                            00000000    00000000 =           0. bytes (ABS,CON)

      Value  Global                              Global Defined In Module
      -----  --------------------------------   ------------------------
     0000009D  _PWM_CTRL                          debug
     0000009D  _SM2                               _autobaud
     0000009E  _PWM_CK_SE                         debug
     0000009E  _SM1                               _autobaud
     0000009F  _ADC_DATA                          debug
     0000009F  _SM0                               _autobaud
     000000A0  _P2                                _autobaud
     000000A0  _P2_0                              _autobaud
     000000A0  __XPAGE                            
     000000A1  _P2_1                              _autobaud
     000000A1  _SAFE_MOD                          debug
     000000A2  _P2_2                              _autobaud
     000000A2  _XBUS_AUX                          debug
     000000A3  _P2_3                              _autobaud
     000000A4  _P2_4                              _autobaud
     000000A5  _P2_5                              _autobaud
     000000A6  _P2_6                              _autobaud
     000000A7  _P2_7                              _autobaud
     000000A8  _EX0                               _autobaud
     000000A8  _IE                                _autobaud
     000000A9  _ET0                               _autobaud
     000000A9  _WAKE_CTRL                         debug
     000000AA  _EX1                               _autobaud
     000000AB  _ET1                               _autobaud
     000000AC  _ES                                _autobaud
     000000AD  _ET2                               debug
     000000AE  _E_DIS                             debug
     000000AF  _EA                                _autobaud
     000000B0  _P3                                _autobaud
     000000B0  _P3_0                              _autobaud
     000000B0  _PIN_9_BIT                         sk6812
     000000B0  _PWM1_                             debug
     000000B0  _RXD                               _autobaud
     000000B1  _GLOBAL_CFG                        debug
     000000B1  _P3_1                              _autobaud
     000000B1  _PIN_8_BIT                         sk6812
     000000B1  _PWM2_                             debug
     000000B1  _TXD                               _autobaud
     000000B2  _AIN3                              debug
     000000B2  _INT0                              _autobaud
     000000B2  _P3_2                              _autobaud
     000000B2  _TXD1_                             debug
     000000B2  _VBUS1                             debug
     000000B3  _INT1                              _autobaud
     000000B3  _P3_3                              _autobaud
     000000B3  _PIN_10_BIT                        sk6812
     000000B4  _P3_4                              _autobaud
     000000B4  _PIN_11_BIT                        sk6812
     000000B4  _PWM2                              debug
     000000B4  _RXD1_                             debug
     000000B4  _T0                                _autobaud
ASxxxx Linker V03.00/V05.40 + sdld,  page 6.
Hexadecimal  [32-Bits]

Area                                    Addr        Size        Decimal Bytes (Attributes)
--------------------------------        ----        ----        ------- ----- ------------
.  .ABS.                            00000000    00000000 =           0. bytes (ABS,CON)

      Value  Global                              Global Defined In Module
      -----  --------------------------------   ------------------------
     000000B5  _P3_5                              _autobaud
     000000B5  _T1                                _autobaud
     000000B6  _P3_6                              _autobaud
     000000B6  _UDP                               debug
     000000B6  _WR                                _autobaud
     000000B7  _P3_7                              _autobaud
     000000B7  _RD                                _autobaud
     000000B7  _UDM                               debug
     000000B8  _IP                                _autobaud
     000000B8  _PX0                               _autobaud
     000000B9  _CLOCK_CFG                         debug
     000000B9  _PT0                               _autobaud
     000000BA  _PX1                               _autobaud
     000000BB  _PT1                               _autobaud
     000000BC  _PS                                _autobaud
     000000BD  _PT2                               debug
     000000BE  _PL_FLAG                           debug
     000000BF  _PH_FLAG                           debug
     000000C0  _SCON1                             debug
     000000C0  _U1RI                              debug
     000000C1  _SBUF1                             debug
     000000C1  _U1TI                              debug
     000000C2  _SBAUD1                            debug
     000000C2  _U1RB8                             debug
     000000C3  _TKEY_CTRL                         debug
     000000C3  _U1TB8                             debug
     000000C4  _TKEY_DATL                         debug
     000000C4  _U1REN                             debug
     000000C5  _TKEY_DATH                         debug
     000000C5  _U1SMOD                            debug
     000000C6  _PIN_FUNC                          debug
     000000C7  _GPIO_IE                           debug
     000000C7  _U1SM0                             debug
     000000C8  _CP_RL2                            debug
     000000C8  _T2CON                             debug
     000000C9  _C_T2                              debug
     000000C9  _T2MOD                             debug
     000000CA  _RCAP2L                            debug
     000000CA  _TR2                               debug
     000000CB  _EXEN2                             debug
     000000CB  _RCAP2H                            debug
     000000CC  _TCLK                              debug
     000000CC  _TL2                               debug
     000000CD  _RCLK                              debug
     000000CD  _TH2                               debug
     000000CE  _EXF2                              debug
     000000CE  _T2CAP1L                           debug
     000000CF  _CAP1F                             debug
     000000CF  _T2CAP1H                           debug
     000000CF  _TF2                               debug
     000000D0  _P                                 _autobaud
ASxxxx Linker V03.00/V05.40 + sdld,  page 7.
Hexadecimal  [32-Bits]

Area                                    Addr        Size        Decimal Bytes (Attributes)
--------------------------------        ----        ----        ------- ----- ------------
.  .ABS.                            00000000    00000000 =           0. bytes (ABS,CON)

      Value  Global                              Global Defined In Module
      -----  --------------------------------   ------------------------
     000000D0  _PSW                               _autobaud
     000000D1  _F1                                _autobaud
     000000D1  _UDEV_CTRL                         debug
     000000D2  _OV                                _autobaud
     000000D2  _UEP1_CTRL                         debug
     000000D3  _RS0                               _autobaud
     000000D3  _UEP1_T_LEN                        debug
     000000D4  _RS1                               _autobaud
     000000D4  _UEP2_CTRL                         debug
     000000D5  _F0                                _autobaud
     000000D5  _UEP2_T_LEN                        debug
     000000D6  _AC                                _autobaud
     000000D6  _UEP3_CTRL                         debug
     000000D7  _CY                                _autobaud
     000000D7  _UEP3_T_LEN                        debug
     000000D8  _UIF_BUS_RST                       debug
     000000D8  _UIF_DETECT                        debug
     000000D8  _USB_INT_FG                        debug
     000000D9  _UIF_TRANSFER                      debug
     000000D9  _USB_INT_ST                        debug
     000000DA  _UIF_SUSPEND                       debug
     000000DA  _USB_MIS_ST                        debug
     000000DB  _UIF_HST_SOF                       debug
     000000DB  _USB_RX_LEN                        debug
     000000DC  _UEP0_CTRL                         debug
     000000DC  _UIF_FIFO_OV                       debug
     000000DD  _UEP0_T_LEN                        debug
     000000DD  _U_SIE_FREE                        debug
     000000DE  _UEP4_CTRL                         debug
     000000DE  _U_TOG_OK                          debug
     000000DF  _UEP4_T_LEN                        debug
     000000DF  _U_IS_NAK                          debug
     000000E0  _ACC                               _autobaud
     000000E1  _USB_INT_EN                        debug
     000000E2  _USB_CTRL                          debug
     000000E3  _USB_DEV_AD                        debug
     000000E4  _UEP2_DMA_L                        debug
     000000E5  _UEP2_DMA_H                        debug
     000000E6  _UEP3_DMA_L                        debug
     000000E7  _UEP3_DMA_H                        debug
     000000E8  _IE_EX                             debug
     000000E8  _IE_SPI0                           debug
     000000E9  _IE_TKEY                           debug
     000000E9  _IP_EX                             debug
     000000EA  _IE_USB                            debug
     000000EA  _UEP4_1_MOD                        debug
     000000EB  _IE_ADC                            debug
     000000EB  _UEP2_3_MOD                        debug
     000000EC  _IE_UART1                          debug
     000000EC  _UEP0_DMA_L                        debug
     000000ED  _IE_PWMX                           debug
ASxxxx Linker V03.00/V05.40 + sdld,  page 8.
Hexadecimal  [32-Bits]

Area                                    Addr        Size        Decimal Bytes (Attributes)
--------------------------------        ----        ----        ------- ----- ------------
.  .ABS.                            00000000    00000000 =           0. bytes (ABS,CON)

      Value  Global                              Global Defined In Module
      -----  --------------------------------   ------------------------
     000000ED  _UEP0_DMA_H                        debug
     000000EE  _IE_GPIO                           debug
     000000EE  _UEP1_DMA_L                        debug
     000000EF  _IE_WDOG                           debug
     000000EF  _UEP1_DMA_H                        debug
     000000F0  _B                                 _autobaud
     000000F5  _B_5                               _gptrget
     000000F6  _B_6                               _gptrget
     000000F7  _B_7                               _gptrget
     000000F8  _S0_R_FIFO                         debug
     000000F8  _SPI0_STAT                         debug
     000000F9  _SPI0_DATA                         debug
     000000FA  _S0_T_FIFO                         debug
     000000FA  _SPI0_CTRL                         debug
     000000FB  _S0_FREE                           debug
     000000FB  _SPI0_CK_SE                        debug
     000000FC  _S0_IF_BYTE                        debug
     000000FC  _SPI0_SETUP                        debug
     000000FD  _S0_IF_FIRST                       debug
     000000FE  _RESET_KEEP                        debug
     000000FE  _S0_IF_OV                          debug
     000000FF  _S0_FST_ACT                        debug
     000000FF  _WDOG_COUNT                        debug
     00008584  _ROM_ADDR                          debug
     00008F8E  _ROM_DATA                          debug
     0000C5C4  _TKEY_DAT                          debug
     0000CBCA  _RCAP2                             debug
     0000CDCC  _T2COUNT                           debug
     0000CFCE  _T2CAP1                            debug
     0000E5E4  _UEP2_DMA                          debug
     0000E7E6  _UEP3_DMA                          debug
     0000EDEC  _UEP0_DMA                          debug
     0000EFEE  _UEP1_DMA                          debug

ASxxxx Linker V03.00/V05.40 + sdld,  page 9.
Hexadecimal  [32-Bits]

Area                                    Addr        Size        Decimal Bytes (Attributes)
--------------------------------        ----        ----        ------- ----- ------------
BSEG_BYTES                          00000020    00000001 =           1. bytes (REL,CON)

      Value  Global                              Global Defined In Module
      -----  --------------------------------   ------------------------
ASxxxx Linker V03.00/V05.40 + sdld,  page 10.
Hexadecimal  [32-Bits]

Area                                    Addr        Size        Decimal Bytes (Attributes)
--------------------------------        ----        ----        ------- ----- ------------
REG_BANK_0                          00000000    00000008 =           8. bytes (REL,OVR)

      Value  Global                              Global Defined In Module
      -----  --------------------------------   ------------------------
ASxxxx Linker V03.00/V05.40 + sdld,  page 11.
Hexadecimal  [32-Bits]

Area                                    Addr        Size        Decimal Bytes (Attributes)
--------------------------------        ----        ----        ------- ----- ------------
BIT_BANK                            00000021    00000001 =           1. bytes (REL,OVR)

      Value  Global                              Global Defined In Module
      -----  --------------------------------   ------------------------
ASxxxx Linker V03.00/V05.40 + sdld,  page 12.
Hexadecimal  [32-Bits]

Area                                    Addr        Size        Decimal Bytes (Attributes)
--------------------------------        ----        ----        ------- ----- ------------
DSEG                                00000000    0000007B =         123. bytes (REL,CON)

      Value  Global                              Global Defined In Module
      -----  --------------------------------   ------------------------
     00000008  _SetupLen                          main
     0000000A  _SetupReq                          main
     0000000B  _Count                             main
     0000000C  _UsbConfig                         main
     0000000D  _pDescr                            main
     00000010  _SetupReqBuf                       main
     00000018  _sk6812_send_rgbw_PARM_2           sk6812
     00000019  _sk6812_send_rgbw_PARM_3           sk6812
     0000001A  _sk6812_send_rgbw_PARM_4           sk6812
ASxxxx Linker V03.00/V05.40 + sdld,  page 13.
Hexadecimal  [32-Bits]

Area                                    Addr        Size        Decimal Bytes (Attributes)
--------------------------------        ----        ----        ------- ----- ------------
OSEG                                00000022    0000000B =          11. bytes (REL,OVR)

      Value  Global                              Global Defined In Module
      -----  --------------------------------   ------------------------
     00000022  ___memcpy_PARM_2                   __memcpy
     00000022  __gptrput_PARM_2                   _gptrput
     00000025  ___memcpy_PARM_3                   __memcpy
ASxxxx Linker V03.00/V05.40 + sdld,  page 14.
Hexadecimal  [32-Bits]

Area                                    Addr        Size        Decimal Bytes (Attributes)
--------------------------------        ----        ----        ------- ----- ------------
ISEG                                0000002D    00000046 =          70. bytes (REL,CON)

      Value  Global                              Global Defined In Module
      -----  --------------------------------   ------------------------
     0000002D  _Receive_Midi_Buf                  main
     0000006D  _Midi_Input_Point                  main
     0000006E  _Midi_Output_Point                 main
     0000006F  _MidiByteCount                     main
     00000070  _USBByteCount                      main
     00000071  _USBBufOutPoint                    main
     00000072  _UpPoint2_Busy                     main

ASxxxx Linker V03.00/V05.40 + sdld,  page 15.
Hexadecimal  [32-Bits]

Area                                    Addr        Size        Decimal Bytes (Attributes)
--------------------------------        ----        ----        ------- ----- ------------
SSEG                                00000073    0000008D =         141. bytes (REL,OVR)

      Value  Global                              Global Defined In Module
      -----  --------------------------------   ------------------------
     00000073  __start__stack                     main

ASxxxx Linker V03.00/V05.40 + sdld,  page 16.
Hexadecimal  [32-Bits]

Area                                    Addr        Size        Decimal Bytes (Attributes)
--------------------------------        ----        ----        ------- ----- ------------
HOME                                00000000    000000B6 =         182. bytes (REL,CON,CODE)

      Value  Global                              Global Defined In Module
      -----  --------------------------------   ------------------------
C:   00000048  sdcc_atomic_exchange_rollback_st   main
C:   0000006F  sdcc_atomic_exchange_gptr_impl     main
C:   0000006F  sdcc_atomic_exchange_rollback_en   main
C:   0000007F  sdcc_atomic_compare_exchange_gpt   main
C:   00000089  __sdcc_program_startup             main
C:   0000008C  sdcc_atomic_maybe_rollback         
ASxxxx Linker V03.00/V05.40 + sdld,  page 17.
Hexadecimal  [32-Bits]

Area                                    Addr        Size        Decimal Bytes (Attributes)
--------------------------------        ----        ----        ------- ----- ------------
GSINIT0                             000000B6    00000003 =           3. bytes (REL,CON,CODE)

      Value  Global                              Global Defined In Module
      -----  --------------------------------   ------------------------
C:   000000B6  __sdcc_gsinit_startup              

ASxxxx Linker V03.00/V05.40 + sdld,  page 18.
Hexadecimal  [32-Bits]

Area                                    Addr        Size        Decimal Bytes (Attributes)
--------------------------------        ----        ----        ------- ----- ------------
GSINIT2                             000000B9    0000000A =          10. bytes (REL,CON,CODE)

      Value  Global                              Global Defined In Module
      -----  --------------------------------   ------------------------
ASxxxx Linker V03.00/V05.40 + sdld,  page 19.
Hexadecimal  [32-Bits]

Area                                    Addr        Size        Decimal Bytes (Attributes)
--------------------------------        ----        ----        ------- ----- ------------
GSINIT3                             000000C3    00000022 =          34. bytes (REL,CON,CODE)

      Value  Global                              Global Defined In Module
      -----  --------------------------------   ------------------------
C:   000000C3  __mcs51_genXINIT                   

ASxxxx Linker V03.00/V05.40 + sdld,  page 20.
Hexadecimal  [32-Bits]

Area                                    Addr        Size        Decimal Bytes (Attributes)
--------------------------------        ----        ----        ------- ----- ------------
GSINIT4                             000000E5    0000002A =          42. bytes (REL,CON,CODE)

      Value  Global                              Global Defined In Module
      -----  --------------------------------   ------------------------
C:   000000E5  __mcs51_genRAMCLEAR                
C:   000000EB  __mcs51_genXRAMCLEAR               

ASxxxx Linker V03.00/V05.40 + sdld,  page 21.
Hexadecimal  [32-Bits]

Area                                    Addr        Size        Decimal Bytes (Attributes)
--------------------------------        ----        ----        ------- ----- ------------
GSINIT                              0000010F    00000018 =          24. bytes (REL,CON,CODE)

      Value  Global                              Global Defined In Module
      -----  --------------------------------   ------------------------
ASxxxx Linker V03.00/V05.40 + sdld,  page 22.
Hexadecimal  [32-Bits]

Area                                    Addr        Size        Decimal Bytes (Attributes)
--------------------------------        ----        ----        ------- ----- ------------
GSFINAL                             00000127    00000003 =           3. bytes (REL,CON,CODE)

      Value  Global                              Global Defined In Module
      -----  --------------------------------   ------------------------
ASxxxx Linker V03.00/V05.40 + sdld,  page 23.
Hexadecimal  [32-Bits]

Area                                    Addr        Size        Decimal Bytes (Attributes)
--------------------------------        ----        ----        ------- ----- ------------
CSEG                                0000012A    0000086C =        2156. bytes (REL,CON,CODE)

      Value  Global                              Global Defined In Module
      -----  --------------------------------   ------------------------
C:   0000012A  _USBDeviceCfg                      main
C:   00000143  _USBDeviceIntCfg                   main
C:   00000154  _USBDeviceEndPointCfg              main
C:   0000017C  _DeviceInterrupt                   main
C:   000006D8  _main                              main
C:   000007CD  _sk6812_init                       sk6812
C:   000007D4  _sk6812_send_byte                  sk6812
C:   00000807  _sk6812_send_rgbw                  sk6812
C:   0000081E  _sk6812_reset                      sk6812
C:   0000083A  _CfgFsys                           debug
C:   0000084C  _mDelayuS                          debug
C:   0000086A  _mDelaymS                          debug
C:   00000888  _putchar                           debug
C:   00000898  _getchar                           debug
C:   000008A6  ___memcpy                          __memcpy
C:   000008FB  __gptrput                          _gptrput
C:   00000916  _autobaud                          _autobaud
C:   00000976  __gptrget                          _gptrget
C:   00000992  ___sdcc_external_startup           _startup

ASxxxx Linker V03.00/V05.40 + sdld,  page 24.
Hexadecimal  [32-Bits]

Area                                    Addr        Size        Decimal Bytes (Attributes)
--------------------------------        ----        ----        ------- ----- ------------
CONST                               00000996    0000009C =         156. bytes (REL,CON,CODE)

      Value  Global                              Global Defined In Module
      -----  --------------------------------   ------------------------
C:   00000996  _DevDesc                           main
C:   000009A8  _CfgDesc                           main
C:   000009CA  _HIDRepDesc                        main
C:   000009EC  _LangDes                           main
C:   000009F0  _SerDes                            main
C:   000009FE  _Prod_Des                          main
C:   00000A1C  _Manuf_Des                         main

ASxxxx Linker V03.00/V05.40 + sdld,  page 25.

Files Linked                              [ module(s) ]

main.rel                                  [  ]
sk6812.rel                                [  ]
debug.rel                                 [  ]


Libraries Linked                          [ object file ]

/usr/bin/../share/sdcc/lib/small/mcs51.lib
                                          [ crtclear.rel ]
/usr/bin/../share/sdcc/lib/small/libsdcc.lib
                                          [ __memcpy.rel ]
/usr/bin/../share/sdcc/lib/small/mcs51.lib
                                          [ crtxinit.rel ]
/usr/bin/../share/sdcc/lib/small/mcs51.lib
                                          [ __sdcc_atomic_maybe_rollback.rel ]
/usr/bin/../share/sdcc/lib/small/libsdcc.lib
                                          [ _gptrput.rel ]
/usr/bin/../share/sdcc/lib/small/mcs51.lib
                                          [ crtxclear.rel ]
/usr/bin/../share/sdcc/lib/small/libsdcc.lib
                                          [ _autobaud.rel ]
/usr/bin/../share/sdcc/lib/small/mcs51.lib
                                          [ crtpagesfr.rel ]
/usr/bin/../share/sdcc/lib/small/mcs51.lib
                                          [ crtstart.rel ]
/usr/bin/../share/sdcc/lib/small/libsdcc.lib
                                          [ _gptrget.rel ]
/usr/bin/../share/sdcc/lib/small/libsdcc.lib
                                          [ _startup.rel ]

ASxxxx Linker V03.00/V05.40 + sdld,  page 26.

User Base Address Definitions

HOME = 0x0000
XSEG = 0x0100
PSEG = 0x0100
ISEG = 0x0000
BSEG = 0x0000

